../Core/Src/main.c:80:6:microDelay	16	static
../Core/Src/main.c:85:9:DHT22_Start	40	static
../Core/Src/main.c:123:9:DHT22_Read	16	static
../Core/Src/main.c:147:5:main	56	static
../Core/Src/main.c:264:6:SystemClock_Config	88	static
../Core/Src/main.c:310:13:MX_ADC1_Init	24	static
../Core/Src/main.c:368:13:MX_TIM1_Init	40	static
../Core/Src/main.c:415:13:MX_USART2_UART_Init	8	static
../Core/Src/main.c:463:13:MX_GPIO_Init	48	static
../Core/Src/main.c:496:6:Error_Handler	8	static,ignoring_inline_asm
