../Core/Src/main.c:79:6:microDelay	16	static
../Core/Src/main.c:84:9:DHT22_Start	40	static
../Core/Src/main.c:122:9:DHT22_Read	16	static
../Core/Src/main.c:146:5:main	56	static
../Core/Src/main.c:263:6:SystemClock_Config	88	static
../Core/Src/main.c:309:13:MX_ADC1_Init	24	static
../Core/Src/main.c:367:13:MX_TIM1_Init	40	static
../Core/Src/main.c:414:13:MX_USART2_UART_Init	8	static
../Core/Src/main.c:462:13:MX_GPIO_Init	48	static
../Core/Src/main.c:495:6:Error_Handler	8	static,ignoring_inline_asm
